Component: ARM Compiler 5.06 update 1 (build 61) Tool: armlink [4d35a8]

==============================================================================

Section Cross References

    main.o(.text) refers to pack_unpack.o(i.json_pack) for json_pack
    main.o(.text) refers to dump.o(i.json_dumps) for json_dumps
    main.o(.text) refers to printfa.o(i.__0printf) for __2printf
    main.o(.text) refers to value.o(i.json_delete) for json_delete
    main.o(.text) refers to malloc.o(i.free) for free
    main.o(.text) refers to mlx90614.o(.text) for ucMLX90614_GetTO1
    main.o(.text) refers to ffixui.o(.text) for __aeabi_f2uiz
    main.o(.text) refers to systick.o(.text) for delay_ms
    main.o(.text) refers to peripheralinit.o(.text) for PeripheralInit
    main.o(.text) refers to arm_fir_init_f32.o(.text) for arm_fir_init_f32
    main.o(.text) refers to stm32f10x_gpio.o(.text) for GPIO_ResetBits
    main.o(.text) refers to delay.o(.text) for Delay_1us
    main.o(.text) refers to spi.o(.text) for SPI1_ReadWriteByte
    main.o(.text) refers to smbus.o(.text) for vSMBus_Init
    main.o(.text) refers to ffltui.o(.text) for __aeabi_ui2f
    main.o(.text) refers to arm_fir_f32.o(.text) for arm_fir_f32
    main.o(.text) refers to cfrcmple.o(.text) for __aeabi_cfrcmple
    main.o(.text) refers to cfcmple.o(.text) for __aeabi_cfcmple
    main.o(.text) refers to fflti.o(.text) for __aeabi_i2f
    main.o(.text) refers to fdiv.o(.text) for __aeabi_fdiv
    main.o(.text) refers to main.o(.bss) for sMlx
    main.o(.text) refers to main.o(.constdata) for .constdata
    main.o(.text) refers to main.o(.data) for flog
    stm32f10x_it.o(.text) refers to stm32f10x_exti.o(.text) for EXTI_ClearITPendingBit
    stm32f10x_it.o(.text) refers to spi.o(.text) for SPI1_ReadWriteByte
    stm32f10x_it.o(.text) refers to main.o(.data) for ch1_data
    led.o(.text) refers to stm32f10x_rcc.o(.text) for RCC_APB2PeriphClockCmd
    led.o(.text) refers to stm32f10x_gpio.o(.text) for GPIO_Init
    peripheralinit.o(.text) refers to delay.o(.text) for Delay_5ms
    peripheralinit.o(.text) refers to led.o(.text) for GPIO_LED_Configuration
    peripheralinit.o(.text) refers to usart.o(.text) for uart_init
    peripheralinit.o(.text) refers to ads1292.o(.text) for GPIO_ADS1292_Configuration
    peripheralinit.o(.text) refers to extinterrupt.o(.text) for EXTInterrupt_Init
    peripheralinit.o(.text) refers to spi.o(.text) for SPI1_Init
    lze_lcd.o(.text) refers to stm32f10x_rcc.o(.text) for RCC_APB2PeriphClockCmd
    lze_lcd.o(.text) refers to stm32f10x_gpio.o(.text) for GPIO_Init
    lze_lcd.o(.text) refers to stm32f10x_fsmc.o(.text) for FSMC_NORSRAMInit
    lze_lcd.o(.text) refers to lze_lcd.o(.bss) for LCD_Dev
    lze_lcd.o(.text) refers to lze_lcd.o(.data) for LCD_Currentfonts
    lze_lcd.o(.text) refers to delay.o(.text) for Delay_1ms
    lze_lcd.o(.text) refers to printfa.o(i.__0sprintf) for __2sprintf
    lze_lcd.o(.data) refers to lze_lcd.o(.constdata) for Font8_Table
    usart.o(.text) refers to stm32f10x_rcc.o(.text) for RCC_APB2PeriphClockCmd
    usart.o(.text) refers to stm32f10x_gpio.o(.text) for GPIO_Init
    usart.o(.text) refers to misc.o(.text) for NVIC_Init
    usart.o(.text) refers to stm32f10x_usart.o(.text) for USART_Init
    usart.o(.text) refers to usart.o(.data) for USART_RX_STA
    usart.o(.text) refers to usart.o(.bss) for USART_RX_BUF
    ads1292.o(.text) refers to stm32f10x_rcc.o(.text) for RCC_APB2PeriphClockCmd
    ads1292.o(.text) refers to stm32f10x_gpio.o(.text) for GPIO_Init
    ads1292.o(.text) refers to spi.o(.text) for SPI1_ReadWriteByte
    ads1292.o(.text) refers to delay.o(.text) for Delay_1us
    ads1292.o(.text) refers to printfa.o(i.__0printf) for __2printf
    spi.o(.text) refers to stm32f10x_rcc.o(.text) for RCC_APB2PeriphClockCmd
    spi.o(.text) refers to stm32f10x_gpio.o(.text) for GPIO_Init
    spi.o(.text) refers to stm32f10x_spi.o(.text) for SPI_Init
    spi.o(.text) refers to spi.o(.bss) for SPI_InitStructure
    extinterrupt.o(.text) refers to stm32f10x_rcc.o(.text) for RCC_APB2PeriphClockCmd
    extinterrupt.o(.text) refers to stm32f10x_gpio.o(.text) for GPIO_Init
    extinterrupt.o(.text) refers to stm32f10x_exti.o(.text) for EXTI_Init
    extinterrupt.o(.text) refers to misc.o(.text) for NVIC_PriorityGroupConfig
    mlx90614.o(.text) refers to dflti.o(.text) for __aeabi_i2d
    mlx90614.o(.text) refers to ddiv.o(.text) for __aeabi_ddiv
    mlx90614.o(.text) refers to dadd.o(.text) for __aeabi_dsub
    mlx90614.o(.text) refers to d2f.o(.text) for __aeabi_d2f
    mlx90614.o(.text) refers to fmul.o(.text) for __aeabi_fmul
    mlx90614.o(.text) refers to ffixui.o(.text) for __aeabi_f2uiz
    mlx90614.o(.text) refers to systick.o(.text) for delay_ms
    mlx90614.o(.text) refers to cfcmple.o(.text) for __aeabi_cfcmple
    mlx90614.o(.text) refers to fadd.o(.text) for __aeabi_fsub
    mlx90614.o(.text) refers to f2d.o(.text) for __aeabi_f2d
    mlx90614.o(.text) refers to dmul.o(.text) for __aeabi_dmul
[...]
    SetSysClockTo72                          0x08002465   Thumb Code   214  system_stm32f10x.o(.text)
    SetSysClock                              0x0800253b   Thumb Code     8  system_stm32f10x.o(.text)
    .text                                    0x08002644   Section       36  startup_stm32f10x_hd.o(.text)
    .text                                    0x08002668   Section        0  jansson_config.o(.text)
    .text                                    0x08002670   Section        0  arm_fir_f32.o(.text)
    .text                                    0x08002f52   Section        0  arm_fir_init_f32.o(.text)
    .text                                    0x08002f6e   Section        0  uidiv.o(.text)
    .text                                    0x08002f9a   Section        0  qsort.o(.text)
    .text                                    0x08003036   Section        0  memmovea.o(.text)
    .text                                    0x08003076   Section        0  memseta.o(.text)
    .text                                    0x0800309a   Section        0  strchr.o(.text)
    .text                                    0x080030ae   Section        0  strlen.o(.text)
    .text                                    0x080030bc   Section        0  strcmp.o(.text)
    .text                                    0x080030d8   Section        0  strcpy.o(.text)
    .text                                    0x080030ea   Section        0  fadd.o(.text)
    .text                                    0x0800319a   Section        0  fmul.o(.text)
    .text                                    0x080031fe   Section        0  fdiv.o(.text)
    .text                                    0x0800327a   Section        0  dadd.o(.text)
    .text                                    0x080033c8   Section        0  dmul.o(.text)
    .text                                    0x080034ac   Section        0  ddiv.o(.text)
    .text                                    0x0800358a   Section        0  fflti.o(.text)
    .text                                    0x0800359c   Section        0  ffltui.o(.text)
    .text                                    0x080035a6   Section        0  dflti.o(.text)
    .text                                    0x080035c8   Section        0  ffixui.o(.text)
    .text                                    0x080035f0   Section        0  f2d.o(.text)
    .text                                    0x08003616   Section        0  d2f.o(.text)
    .text                                    0x08003650   Section       20  cfcmple.o(.text)
    .text                                    0x08003664   Section       20  cfrcmple.o(.text)
    .text                                    0x08003678   Section        0  uldiv.o(.text)
    .text                                    0x080036da   Section        0  llshl.o(.text)
    .text                                    0x080036f8   Section        0  llsshr.o(.text)
    .text                                    0x0800371c   Section        0  fepilogue.o(.text)
    .text                                    0x0800371c   Section        0  iusefp.o(.text)
    .text                                    0x0800378a   Section        0  depilogue.o(.text)
    .text                                    0x08003844   Section        0  dfixul.o(.text)
    .text                                    0x08003874   Section       48  cdrcmple.o(.text)
    .text                                    0x080038a4   Section       36  init.o(.text)
    .text                                    0x080038c8   Section        0  llushr.o(.text)
    i.__0printf                              0x080038e8   Section        0  printfa.o(i.__0printf)
    i.__0snprintf                            0x08003908   Section        0  printfa.o(i.__0snprintf)
    i.__0sprintf                             0x08003930   Section        0  printfa.o(i.__0sprintf)
    i.__0vsnprintf                           0x08003958   Section        0  printfa.o(i.__0vsnprintf)
    i.__ARM_common_switch8                   0x0800397c   Section        0  dump.o(i.__ARM_common_switch8)
    i.__ARM_isinf                            0x08003996   Section        0  value.o(i.__ARM_isinf)
    i.__ARM_isnan                            0x080039ac   Section        0  value.o(i.__ARM_isnan)
    i.__scatterload_copy                     0x080039c4   Section       14  handlers.o(i.__scatterload_copy)
    i.__scatterload_null                     0x080039d2   Section        2  handlers.o(i.__scatterload_null)
    i.__scatterload_zeroinit                 0x080039d4   Section       14  handlers.o(i.__scatterload_zeroinit)
    i._fp_digits                             0x080039e4   Section        0  printfa.o(i._fp_digits)
    _fp_digits                               0x080039e5   Thumb Code   334  printfa.o(i._fp_digits)
    i._printf_core                           0x08003b48   Section        0  printfa.o(i._printf_core)
    _printf_core                             0x08003b49   Thumb Code  1744  printfa.o(i._printf_core)
    i._printf_post_padding                   0x08004224   Section        0  printfa.o(i._printf_post_padding)
    _printf_post_padding                     0x08004225   Thumb Code    36  printfa.o(i._printf_post_padding)
    i._printf_pre_padding                    0x08004248   Section        0  printfa.o(i._printf_pre_padding)
    _printf_pre_padding                      0x08004249   Thumb Code    46  printfa.o(i._printf_pre_padding)
    i._snputc                                0x08004276   Section        0  printfa.o(i._snputc)
    _snputc                                  0x08004277   Thumb Code    22  printfa.o(i._snputc)
    i._sputc                                 0x0800428c   Section        0  printfa.o(i._sputc)
    _sputc                                   0x0800428d   Thumb Code    10  printfa.o(i._sputc)
    i.array_copy                             0x08004296   Section        0  value.o(i.array_copy)
    array_copy                               0x08004297   Thumb Code    24  value.o(i.array_copy)
    i.bucket_is_empty                        0x080042ae   Section        0  hashtable.o(i.bucket_is_empty)
    bucket_is_empty                          0x080042af   Thumb Code    22  hashtable.o(i.bucket_is_empty)
    i.do_dump                                0x080042c4   Section        0  dump.o(i.do_dump)
    do_dump                                  0x080042c5   Thumb Code   846  dump.o(i.do_dump)
    i.dump_indent                            0x08004658   Section        0  dump.o(i.dump_indent)
    dump_indent                              0x08004659   Thumb Code    82  dump.o(i.dump_indent)
    i.dump_string                            0x080046b8   Section        0  dump.o(i.dump_string)
    dump_string                              0x080046b9   Thumb Code   270  dump.o(i.dump_string)
    i.dump_to_strbuffer                      0x08004804   Section        0  dump.o(i.dump_to_strbuffer)
    dump_to_strbuffer                        0x08004805   Thumb Code    16  dump.o(i.dump_to_strbuffer)
    i.free                                   0x08004814   Section        0  malloc.o(i.free)
    i.hashlittle                             0x08004864   Section        0  hashtable.o(i.hashlittle)
    hashlittle                               0x08004865   Thumb Code   318  hashtable.o(i.hashlittle)
    i.hashtable_close                        0x080049a8   Section        0  hashtable.o(i.hashtable_close)
    i.hashtable_do_clear                     0x080049b8   Section        0  hashtable.o(i.hashtable_do_clear)
    hashtable_do_clear                       0x080049b9   Thumb Code    34  hashtable.o(i.hashtable_do_clear)
    i.hashtable_do_rehash                    0x080049da   Section        0  hashtable.o(i.hashtable_do_rehash)
    hashtable_do_rehash                      0x080049db   Thumb Code   118  hashtable.o(i.hashtable_do_rehash)
    i.hashtable_find_pair                    0x08004a50   Section        0  hashtable.o(i.hashtable_find_pair)
    hashtable_find_pair                      0x08004a51   Thumb Code    60  hashtable.o(i.hashtable_find_pair)
    i.hashtable_get                          0x08004a8c   Section        0  hashtable.o(i.hashtable_get)
    i.hashtable_init                         0x08004acc   Section        0  hashtable.o(i.hashtable_init)
    i.hashtable_iter                         0x08004b14   Section        0  hashtable.o(i.hashtable_iter)
    i.hashtable_iter_key                     0x08004b20   Section        0  hashtable.o(i.hashtable_iter_key)
    i.hashtable_iter_next                    0x08004b24   Section        0  hashtable.o(i.hashtable_iter_next)
    i.hashtable_iter_serial                  0x08004b32   Section        0  hashtable.o(i.hashtable_iter_serial)
    i.hashtable_iter_value                   0x08004b36   Section        0  hashtable.o(i.hashtable_iter_value)
    i.hashtable_set                          0x08004b3c   Section        0  hashtable.o(i.hashtable_set)
    i.insert_to_bucket                       0x08004be8   Section        0  hashtable.o(i.insert_to_bucket)
    insert_to_bucket                         0x08004be9   Thumb Code    42  hashtable.o(i.insert_to_bucket)
    i.json_array                             0x08004c12   Section        0  value.o(i.json_array)
    i.json_array_append_new                  0x08004c48   Section        0  value.o(i.json_array_append_new)
    i.json_array_get                         0x08004c90   Section        0  value.o(i.json_array_get)
    i.json_array_grow                        0x08004cac   Section        0  value.o(i.json_array_grow)
    json_array_grow                          0x08004cad   Thumb Code    76  value.o(i.json_array_grow)
    i.json_array_size                        0x08004cf8   Section        0  value.o(i.json_array_size)
    i.json_decref                            0x08004d0a   Section        0  pack_unpack.o(i.json_decref)
    json_decref                              0x08004d0b   Thumb Code    24  pack_unpack.o(i.json_decref)
    i.json_decref                            0x08004d22   Section        0  value.o(i.json_decref)
    json_decref                              0x08004d23   Thumb Code    24  value.o(i.json_decref)
    i.json_decref                            0x08004d3a   Section        0  hashtable.o(i.json_decref)
    json_decref                              0x08004d3b   Thumb Code    24  hashtable.o(i.json_decref)
    i.json_delete                            0x08004d52   Section        0  value.o(i.json_delete)
    i.json_dump_callback                     0x08004da6   Section        0  dump.o(i.json_dump_callback)
    i.json_dumps                             0x08004dd0   Section        0  dump.o(i.json_dumps)
    i.json_false                             0x08004e14   Section        0  value.o(i.json_false)
    i.json_incref                            0x08004e1c   Section        0  pack_unpack.o(i.json_incref)
    json_incref                              0x08004e1d   Thumb Code    16  pack_unpack.o(i.json_incref)
    i.json_integer                           0x08004e2c   Section        0  value.o(i.json_integer)
    i.json_integer_value                     0x08004e48   Section        0  value.o(i.json_integer_value)
    i.json_null                              0x08004e60   Section        0  value.o(i.json_null)
    i.json_object                            0x08004e68   Section        0  value.o(i.json_object)
    i.json_object_get                        0x08004eb4   Section        0  value.o(i.json_object_get)
    i.json_object_iter                       0x08004ed0   Section        0  value.o(i.json_object_iter)
    i.json_object_iter_key                   0x08004ee8   Section        0  value.o(i.json_object_iter_key)
    i.json_object_iter_next                  0x08004ef4   Section        0  value.o(i.json_object_iter_next)
    i.json_object_iter_value                 0x08004f10   Section        0  value.o(i.json_object_iter_value)
    i.json_object_seed                       0x08004f1c   Section        0  hashtable_seed.o(i.json_object_seed)
    i.json_object_set_new_nocheck            0x08004f44   Section        0  value.o(i.json_object_set_new_nocheck)
    i.json_object_size                       0x08004f84   Section        0  value.o(i.json_object_size)
    i.json_pack                              0x08004f96   Section        0  pack_unpack.o(i.json_pack)
    i.json_real                              0x08004fae   Section        0  value.o(i.json_real)
    i.json_real_value                        0x08004fe2   Section        0  value.o(i.json_real_value)
    i.json_string_length                     0x08004ffa   Section        0  value.o(i.json_string_length)
    i.json_string_value                      0x0800500c   Section        0  value.o(i.json_string_value)
    i.json_stringn_nocheck                   0x0800501e   Section        0  value.o(i.json_stringn_nocheck)
    i.json_true                              0x08005028   Section        0  value.o(i.json_true)
    i.json_vpack_ex                          0x08005030   Section        0  pack_unpack.o(i.json_vpack_ex)
    i.jsonp_dtostr                           0x080050f4   Section        0  strconv.o(i.jsonp_dtostr)
    i.jsonp_error_init                       0x08005194   Section        0  error.o(i.jsonp_error_init)
    i.jsonp_error_set                        0x080051b6   Section        0  error.o(i.jsonp_error_set)
    i.jsonp_error_set_source                 0x080051c8   Section        0  error.o(i.jsonp_error_set_source)
    i.jsonp_error_vset                       0x08005204   Section        0  error.o(i.jsonp_error_vset)
    i.jsonp_free                             0x08005230   Section        0  memory.o(i.jsonp_free)
    i.jsonp_malloc                           0x08005240   Section        0  memory.o(i.jsonp_malloc)
    i.jsonp_strdup                           0x08005250   Section        0  memory.o(i.jsonp_strdup)
    i.jsonp_stringn_nocheck_own              0x08005262   Section        0  value.o(i.jsonp_stringn_nocheck_own)
    i.jsonp_strndup                          0x0800526c   Section        0  memory.o(i.jsonp_strndup)
    i.list_insert                            0x08005290   Section        0  hashtable.o(i.list_insert)
    list_insert                              0x08005291   Thumb Code    14  hashtable.o(i.list_insert)
    i.malloc                                 0x080052a0   Section        0  malloc.o(i.malloc)
    i.next_token                             0x0800530c   Section        0  pack_unpack.o(i.next_token)
    next_token                               0x0800530d   Thumb Code   128  pack_unpack.o(i.next_token)
    i.object_key_compare_keys                0x0800538c   Section        0  dump.o(i.object_key_compare_keys)
    object_key_compare_keys                  0x0800538d   Thumb Code    12  dump.o(i.object_key_compare_keys)
    i.object_key_compare_serials             0x08005398   Section        0  dump.o(i.object_key_compare_serials)
    object_key_compare_serials               0x08005399   Thumb Code    26  dump.o(i.object_key_compare_serials)
    i.pack                                   0x080053b4   Section        0  pack_unpack.o(i.pack)
    pack                                     0x080053b5   Thumb Code   224  pack_unpack.o(i.pack)
    i.pack_array                             0x080054cc   Section        0  pack_unpack.o(i.pack_array)
    pack_array                               0x080054cd   Thumb Code    92  pack_unpack.o(i.pack_array)
    i.pack_object                            0x0800557c   Section        0  pack_unpack.o(i.pack_object)
    pack_object                              0x0800557d   Thumb Code   178  pack_unpack.o(i.pack_object)
    i.prev_token                             0x080056ac   Section        0  pack_unpack.o(i.prev_token)
    prev_token                               0x080056ad   Thumb Code    20  pack_unpack.o(i.prev_token)
    i.read_string                            0x080056c0   Section        0  pack_unpack.o(i.read_string)
    read_string                              0x080056c1   Thumb Code   268  pack_unpack.o(i.read_string)
    i.scanner_init                           0x0800581c   Section        0  pack_unpack.o(i.scanner_init)
    scanner_init                             0x0800581d   Thumb Code    44  pack_unpack.o(i.scanner_init)
    i.set_error                              0x08005848   Section        0  pack_unpack.o(i.set_error)
    set_error                                0x08005849   Thumb Code    44  pack_unpack.o(i.set_error)
    i.strbuffer_append_bytes                 0x08005874   Section        0  strbuffer.o(i.strbuffer_append_bytes)
    i.strbuffer_close                        0x080058e4   Section        0  strbuffer.o(i.strbuffer_close)
    i.strbuffer_init                         0x080058fc   Section        0  strbuffer.o(i.strbuffer_init)
    i.strbuffer_steal_value                  0x0800591e   Section        0  strbuffer.o(i.strbuffer_steal_value)
    i.strbuffer_value                        0x08005928   Section        0  strbuffer.o(i.strbuffer_value)
    i.string_create                          0x0800592c   Section        0  value.o(i.string_create)
    string_create                            0x0800592d   Thumb Code    62  value.o(i.string_create)
    i.utf8_check_first                       0x0800596a   Section        0  utf.o(i.utf8_check_first)
    i.utf8_check_full                        0x080059a8   Section        0  utf.o(i.utf8_check_full)
    i.utf8_check_string                      0x08005a30   Section        0  utf.o(i.utf8_check_string)
    i.utf8_iterate                           0x08005a6e   Section        0  utf.o(i.utf8_iterate)
    .constdata                               0x08005ab0   Section     1040  main.o(.constdata)
    .constdata                               0x08005ec0   Section       33  dump.o(.constdata)
    whitespace                               0x08005ec0   Data          33  dump.o(.constdata)
    .data                                    0x20000000   Section       36  main.o(.data)
    .data                                    0x20000024   Section        6  usart.o(.data)
    .data                                    0x2000002c   Section       12  mlx90614.o(.data)
    .data                                    0x20000038   Section        4  systick.o(.data)
    fac_us                                   0x20000038   Data           1  systick.o(.data)
    fac_ms                                   0x2000003a   Data           2  systick.o(.data)
    .data                                    0x2000003c   Section       20  stm32f10x_rcc.o(.data)
    APBAHBPrescTable                         0x2000003c   Data          16  stm32f10x_rcc.o(.data)
    ADCPrescTable                            0x2000004c   Data           4  stm32f10x_rcc.o(.data)
    .data                                    0x20000050   Section       20  system_stm32f10x.o(.data)
    .data                                    0x20000064   Section       24  value.o(.data)
    the_true                                 0x20000064   Data           8  value.o(.data)
    the_false                                0x2000006c   Data           8  value.o(.data)
    the_null                                 0x20000074   Data           8  value.o(.data)
    .data                                    0x2000007c   Section        8  memory.o(.data)
    do_malloc                                0x2000007c   Data           4  memory.o(.data)
    do_free                                  0x20000080   Data           4  memory.o(.data)
    .data                                    0x20000084   Section        4  hashtable_seed.o(.data)
    .data                                    0x20000088   Section        4  mvars.o(.data)
    .data                                    0x2000008c   Section        4  mvars.o(.data)
    .bss                                     0x20000090   Section     1052  main.o(.bss)
    .bss                                     0x200004ac   Section      200  usart.o(.bss)
    .bss                                     0x20000574   Section       18  spi.o(.bss)
    HEAP                                     0x20000588   Section      512  startup_stm32f10x_hd.o(HEAP)
    STACK                                    0x20000788   Section     1024  startup_stm32f10x_hd.o(STACK)

    Global Symbols

    Symbol Name                              Value     Ov Type        Size  Object(Section)

    BuildAttributes$$THM_ISAv4$P$D$K$B$S$PE$A:L22UL41UL21$X:L11$S22US41US21$IEEE1$IW$USESV6$~STKCKD$USESV7$~SHL$OTIME$ROPI$IEEEJ$EBA8$MICROLIB$REQ8$PRES8$EABIv2 0x00000000   Number         0  anon$$obj.o ABSOLUTE
    __ARM_use_no_argv                        0x00000000   Number         0  main.o ABSOLUTE
    __use_no_errno                           0x00000000   Number         0  useno.o ABSOLUTE
    __use_no_exception_handling              0x00000000   Number         0  useno.o ABSOLUTE
    __use_no_fp                              0x00000000   Number         0  useno.o ABSOLUTE
    __use_no_heap                            0x00000000   Number         0  useno.o ABSOLUTE
    __use_no_heap_region                     0x00000000   Number         0  useno.o ABSOLUTE
    __use_no_semihosting                     0x00000000   Number         0  useno.o ABSOLUTE
    __use_no_semihosting_swi                 0x00000000   Number         0  useno.o ABSOLUTE
    __use_no_signal_handling                 0x00000000   Number         0  useno.o ABSOLUTE
    _printf_a                                0x00000000   Number         0  stubs.o ABSOLUTE
    _printf_c                                0x00000000   Number         0  stubs.o ABSOLUTE
    _printf_charcount                        0x00000000   Number         0  stubs.o ABSOLUTE
    _printf_d                                0x00000000   Number         0  stubs.o ABSOLUTE
    _printf_e                                0x00000000   Number         0  stubs.o ABSOLUTE
    _printf_f                                0x00000000   Number         0  stubs.o ABSOLUTE
    _printf_flags                            0x00000000   Number         0  stubs.o ABSOLUTE
    _printf_fp_dec                           0x00000000   Number         0  stubs.o ABSOLUTE
    _printf_fp_hex                           0x00000000   Number         0  stubs.o ABSOLUTE
    _printf_g                                0x00000000   Number         0  stubs.o ABSOLUTE
    _printf_i                                0x00000000   Number         0  stubs.o ABSOLUTE
    _printf_int_dec                          0x00000000   Number         0  stubs.o ABSOLUTE
    _printf_l                                0x00000000   Number         0  stubs.o ABSOLUTE
    _printf_lc                               0x00000000   Number         0  stubs.o ABSOLUTE
    _printf_ll                               0x00000000   Number         0  stubs.o ABSOLUTE
    _printf_lld                              0x00000000   Number         0  stubs.o ABSOLUTE
    _printf_lli                              0x00000000   Number         0  stubs.o ABSOLUTE
    _printf_llo                              0x00000000   Number         0  stubs.o ABSOLUTE
    _printf_llu                              0x00000000   Number         0  stubs.o ABSOLUTE
    _printf_llx                              0x00000000   Number         0  stubs.o ABSOLUTE
    _printf_longlong_dec                     0x00000000   Number         0  stubs.o ABSOLUTE
    _printf_longlong_hex                     0x00000000   Number         0  stubs.o ABSOLUTE
    _printf_longlong_oct                     0x00000000   Number         0  stubs.o ABSOLUTE
    _printf_ls                               0x00000000   Number         0  stubs.o ABSOLUTE
    _printf_mbtowc                           0x00000000   Number         0  stubs.o ABSOLUTE
    _printf_n                                0x00000000   Number         0  stubs.o ABSOLUTE
    _printf_o                                0x00000000   Number         0  stubs.o ABSOLUTE
    _printf_p                                0x00000000   Number         0  stubs.o ABSOLUTE
    _printf_percent                          0x00000000   Number         0  stubs.o ABSOLUTE
    _printf_pre_padding                      0x00000000   Number         0  stubs.o ABSOLUTE
    _printf_return_value                     0x00000000   Number         0  stubs.o ABSOLUTE
    _printf_s                                0x00000000   Number         0  stubs.o ABSOLUTE
    _printf_sizespec                         0x00000000   Number         0  stubs.o ABSOLUTE
    _printf_str                              0x00000000   Number         0  stubs.o ABSOLUTE
    _printf_truncate_signed                  0x00000000   Number         0  stubs.o ABSOLUTE
    _printf_truncate_unsigned                0x00000000   Number         0  stubs.o ABSOLUTE
    _printf_u                                0x00000000   Number         0  stubs.o ABSOLUTE
    _printf_wc                               0x00000000   Number         0  stubs.o ABSOLUTE
    _printf_wctomb                           0x00000000   Number         0  stubs.o ABSOLUTE
    _printf_widthprec                        0x00000000   Number         0  stubs.o ABSOLUTE
    _printf_x                                0x00000000   Number         0  stubs.o ABSOLUTE
    __cpp_initialize__aeabi_                  - Undefined Weak Reference
    __cxa_finalize                            - Undefined Weak Reference
    __decompress                              - Undefined Weak Reference
    _clock_init                               - Undefined Weak Reference
    _microlib_exit                            - Undefined Weak Reference
    __Vectors_Size                           0x00000130   Number         0  startup_stm32f10x_hd.o ABSOLUTE
    __Vectors                                0x08000000   Data           4  startup_stm32f10x_hd.o(RESET)
    __Vectors_End                            0x08000130   Data           0  startup_stm32f10x_hd.o(RESET)
    __main                                   0x08000131   Thumb Code     0  entry.o(.ARM.Collect$$$$00000000)
    _main_stk                                0x08000131   Thumb Code     0  entry2.o(.ARM.Collect$$$$00000001)
    _main_scatterload                        0x08000135   Thumb Code     0  entry5.o(.ARM.Collect$$$$00000004)
    __main_after_scatterload                 0x08000139   Thumb Code     0  entry5.o(.ARM.Collect$$$$00000004)
    _main_clock                              0x08000139   Thumb Code     0  entry7b.o(.ARM.Collect$$$$00000008)
    _main_cpp_init                           0x08000139   Thumb Code     0  entry8b.o(.ARM.Collect$$$$0000000A)
    _main_init                               0x08000139   Thumb Code     0  entry9a.o(.ARM.Collect$$$$0000000B)
    __rt_final_cpp                           0x08000141   Thumb Code     0  entry10a.o(.ARM.Collect$$$$0000000D)
    __rt_final_exit                          0x08000141   Thumb Code     0  entry11a.o(.ARM.Collect$$$$0000000F)
    Send_Json_Data                           0x08000145   Thumb Code    60  main.o(.text)
    Temp_show                                0x08000181   Thumb Code    32  main.o(.text)
    MLX_Init                                 0x080001a1   Thumb Code    42  main.o(.text)
    main                                     0x080001cb   Thumb Code   484  main.o(.text)
    NMI_Handler                              0x0800045d   Thumb Code     2  stm32f10x_it.o(.text)
    HardFault_Handler                        0x0800045f   Thumb Code     4  stm32f10x_it.o(.text)
    MemManage_Handler                        0x08000463   Thumb Code     4  stm32f10x_it.o(.text)
    BusFault_Handler                         0x08000467   Thumb Code     4  stm32f10x_it.o(.text)
    UsageFault_Handler                       0x0800046b   Thumb Code     4  stm32f10x_it.o(.text)
    SVC_Handler                              0x0800046f   Thumb Code     2  stm32f10x_it.o(.text)
    DebugMon_Handler                         0x08000471   Thumb Code     2  stm32f10x_it.o(.text)
    PendSV_Handler                           0x08000473   Thumb Code     2  stm32f10x_it.o(.text)
    SysTick_Handler                          0x08000475   Thumb Code     2  stm32f10x_it.o(.text)
    EXTI3_IRQHandler                         0x08000477   Thumb Code   142  stm32f10x_it.o(.text)
    GPIO_LED_Configuration                   0x08000515   Thumb Code    54  led.o(.text)
    PeripheralInit                           0x08000551   Thumb Code    38  peripheralinit.o(.text)
    TimingDelay_Decrement                    0x08000577   Thumb Code     2  delay.o(.text)
    Delay_ns                                 0x08000579   Thumb Code    12  delay.o(.text)
    Delay_1us                                0x08000585   Thumb Code    26  delay.o(.text)
    Delay_2us                                0x0800059f   Thumb Code    26  delay.o(.text)
    Delay_10us                               0x080005b9   Thumb Code    36  delay.o(.text)
    Delay_250us                              0x080005dd   Thumb Code    36  delay.o(.text)
    Delay_882us                              0x08000601   Thumb Code    26  delay.o(.text)
    Delay_1ms                                0x0800061b   Thumb Code    36  delay.o(.text)
    Delay_5ms                                0x0800063f   Thumb Code    38  delay.o(.text)
    Delay_50ms                               0x08000665   Thumb Code    40  delay.o(.text)
    Delay                                    0x0800068d   Thumb Code    18  delay.o(.text)
    _sys_exit                                0x080006a1   Thumb Code     4  usart.o(.text)
    fputc                                    0x080006a5   Thumb Code    24  usart.o(.text)
    uart_init                                0x080006bd   Thumb Code   152  usart.o(.text)
    USART1_IRQHandler                        0x08000755   Thumb Code   122  usart.o(.text)
    GPIO_ADS1292_Configuration               0x080007e1   Thumb Code    38  ads1292.o(.text)
    ADS1292_Write_Reg                        0x08000807   Thumb Code    60  ads1292.o(.text)
    ADS1292_Read_Reg                         0x08000843   Thumb Code    62  ads1292.o(.text)
    ADS1292_PowerOnInit                      0x08000881   Thumb Code   314  ads1292.o(.text)
    ADS1292_Read_Data                        0x080009bb   Thumb Code   126  ads1292.o(.text)
    SPI1_Init                                0x08000a4d   Thumb Code    98  spi.o(.text)
    SPI1_ReadWriteByte                       0x08000aaf   Thumb Code    86  spi.o(.text)
    GPIO_EXTInterrupt_Configuration          0x08000b11   Thumb Code    38  extinterrupt.o(.text)
    EXTInterrupt_Mode_Configuration          0x08000b37   Thumb Code    40  extinterrupt.o(.text)
    NVIC_Configuration                       0x08000b5f   Thumb Code    38  extinterrupt.o(.text)
    EXTInterrupt_Init                        0x08000b85   Thumb Code    16  extinterrupt.o(.text)
    vMLX90614_Init                           0x08000b99   Thumb Code    48  mlx90614.o(.text)
    ucMLX90614_GetTA                         0x08000bc9   Thumb Code    98  mlx90614.o(.text)
    ucMLX90614_GetTO1                        0x08000c2b   Thumb Code    98  mlx90614.o(.text)
    ucMLX90614_GetTO2                        0x08000c8d   Thumb Code    98  mlx90614.o(.text)
    ucMLX90614_SetEmssivity                  0x08000cef   Thumb Code    96  mlx90614.o(.text)
    ucMLX90614_TempComp                      0x08000d4f   Thumb Code   484  mlx90614.o(.text)
    vSMBus_Init                              0x08000fb1   Thumb Code    52  smbus.o(.text)
    ucSMBUS_StreamWrite                      0x080012ad   Thumb Code   106  smbus.o(.text)
    ucSMBUS_StreamRead                       0x08001317   Thumb Code   104  smbus.o(.text)
    SysTick_Init                             0x0800138d   Thumb Code    52  systick.o(.text)
    delay_us                                 0x080013c1   Thumb Code    72  systick.o(.text)
    delay_ms                                 0x08001409   Thumb Code    72  systick.o(.text)
    NVIC_PriorityGroupConfig                 0x08001459   Thumb Code    10  misc.o(.text)
    NVIC_Init                                0x08001463   Thumb Code   100  misc.o(.text)
    NVIC_SetVectorTable                      0x080014c7   Thumb Code    14  misc.o(.text)
    NVIC_SystemLPConfig                      0x080014d5   Thumb Code    34  misc.o(.text)
    SysTick_CLKSourceConfig                  0x080014f7   Thumb Code    40  misc.o(.text)
    RCC_DeInit                               0x08001535   Thumb Code    64  stm32f10x_rcc.o(.text)
    RCC_HSEConfig                            0x08001575   Thumb Code    70  stm32f10x_rcc.o(.text)
    RCC_GetFlagStatus                        0x080015bb   Thumb Code    56  stm32f10x_rcc.o(.text)
    RCC_WaitForHSEStartUp                    0x080015f3   Thumb Code    56  stm32f10x_rcc.o(.text)
    RCC_AdjustHSICalibrationValue            0x0800162b   Thumb Code    20  stm32f10x_rcc.o(.text)
    RCC_HSICmd                               0x0800163f   Thumb Code     6  stm32f10x_rcc.o(.text)
    RCC_PLLConfig                            0x08001645   Thumb Code    24  stm32f10x_rcc.o(.text)
    RCC_PLLCmd                               0x0800165d   Thumb Code     6  stm32f10x_rcc.o(.text)
    RCC_SYSCLKConfig                         0x08001663   Thumb Code    18  stm32f10x_rcc.o(.text)
    RCC_GetSYSCLKSource                      0x08001675   Thumb Code    10  stm32f10x_rcc.o(.text)
    RCC_HCLKConfig                           0x0800167f   Thumb Code    18  stm32f10x_rcc.o(.text)
    RCC_PCLK1Config                          0x08001691   Thumb Code    18  stm32f10x_rcc.o(.text)
    RCC_PCLK2Config                          0x080016a3   Thumb Code    20  stm32f10x_rcc.o(.text)
    RCC_ITConfig                             0x080016b7   Thumb Code    26  stm32f10x_rcc.o(.text)
    RCC_USBCLKConfig                         0x080016d1   Thumb Code     8  stm32f10x_rcc.o(.text)
    RCC_ADCCLKConfig                         0x080016d9   Thumb Code    18  stm32f10x_rcc.o(.text)
    RCC_LSEConfig                            0x080016eb   Thumb Code    50  stm32f10x_rcc.o(.text)
    RCC_LSICmd                               0x0800171d   Thumb Code     6  stm32f10x_rcc.o(.text)
    RCC_RTCCLKConfig                         0x08001723   Thumb Code    12  stm32f10x_rcc.o(.text)
    RCC_RTCCLKCmd                            0x0800172f   Thumb Code     8  stm32f10x_rcc.o(.text)
    RCC_GetClocksFreq                        0x08001737   Thumb Code   192  stm32f10x_rcc.o(.text)
    RCC_AHBPeriphClockCmd                    0x080017f7   Thumb Code    26  stm32f10x_rcc.o(.text)
    RCC_APB2PeriphClockCmd                   0x08001811   Thumb Code    26  stm32f10x_rcc.o(.text)
    RCC_APB1PeriphClockCmd                   0x0800182b   Thumb Code    26  stm32f10x_rcc.o(.text)
    RCC_APB2PeriphResetCmd                   0x08001845   Thumb Code    26  stm32f10x_rcc.o(.text)
    RCC_APB1PeriphResetCmd                   0x0800185f   Thumb Code    26  stm32f10x_rcc.o(.text)
    RCC_BackupResetCmd                       0x08001879   Thumb Code     8  stm32f10x_rcc.o(.text)
    RCC_ClockSecuritySystemCmd               0x08001881   Thumb Code     6  stm32f10x_rcc.o(.text)
    RCC_MCOConfig                            0x08001887   Thumb Code     6  stm32f10x_rcc.o(.text)
    RCC_ClearFlag                            0x0800188d   Thumb Code    14  stm32f10x_rcc.o(.text)
    RCC_GetITStatus                          0x0800189b   Thumb Code    20  stm32f10x_rcc.o(.text)
    RCC_ClearITPendingBit                    0x080018af   Thumb Code     6  stm32f10x_rcc.o(.text)
    GPIO_DeInit                              0x080018d9   Thumb Code   172  stm32f10x_gpio.o(.text)
    GPIO_AFIODeInit                          0x08001985   Thumb Code    20  stm32f10x_gpio.o(.text)
    GPIO_Init                                0x08001999   Thumb Code   278  stm32f10x_gpio.o(.text)
    GPIO_StructInit                          0x08001aaf   Thumb Code    16  stm32f10x_gpio.o(.text)
    GPIO_ReadInputDataBit                    0x08001abf   Thumb Code    18  stm32f10x_gpio.o(.text)
    GPIO_ReadInputData                       0x08001ad1   Thumb Code     8  stm32f10x_gpio.o(.text)
    GPIO_ReadOutputDataBit                   0x08001ad9   Thumb Code    18  stm32f10x_gpio.o(.text)
    GPIO_ReadOutputData                      0x08001aeb   Thumb Code     8  stm32f10x_gpio.o(.text)
    GPIO_SetBits                             0x08001af3   Thumb Code     4  stm32f10x_gpio.o(.text)
    GPIO_ResetBits                           0x08001af7   Thumb Code     4  stm32f10x_gpio.o(.text)
    GPIO_WriteBit                            0x08001afb   Thumb Code    10  stm32f10x_gpio.o(.text)
    GPIO_Write                               0x08001b05   Thumb Code     4  stm32f10x_gpio.o(.text)
    GPIO_PinLockConfig                       0x08001b09   Thumb Code    18  stm32f10x_gpio.o(.text)
    GPIO_EventOutputConfig                   0x08001b1b   Thumb Code    26  stm32f10x_gpio.o(.text)
    GPIO_EventOutputCmd                      0x08001b35   Thumb Code     6  stm32f10x_gpio.o(.text)
    GPIO_PinRemapConfig                      0x08001b3b   Thumb Code   138  stm32f10x_gpio.o(.text)
    GPIO_EXTILineConfig                      0x08001bc5   Thumb Code    66  stm32f10x_gpio.o(.text)
    GPIO_ETH_MediaInterfaceConfig            0x08001c07   Thumb Code     8  stm32f10x_gpio.o(.text)
    EXTI_DeInit                              0x08001c35   Thumb Code    28  stm32f10x_exti.o(.text)
    EXTI_Init                                0x08001c51   Thumb Code   142  stm32f10x_exti.o(.text)
    EXTI_StructInit                          0x08001cdf   Thumb Code    16  stm32f10x_exti.o(.text)
    EXTI_GenerateSWInterrupt                 0x08001cef   Thumb Code    16  stm32f10x_exti.o(.text)
    EXTI_GetFlagStatus                       0x08001cff   Thumb Code    22  stm32f10x_exti.o(.text)
    EXTI_ClearFlag                           0x08001d15   Thumb Code     8  stm32f10x_exti.o(.text)
    EXTI_GetITStatus                         0x08001d1d   Thumb Code    34  stm32f10x_exti.o(.text)
    EXTI_ClearITPendingBit                   0x08001d3f   Thumb Code     8  stm32f10x_exti.o(.text)
    SPI_I2S_DeInit                           0x08001d51   Thumb Code    76  stm32f10x_spi.o(.text)
    SPI_Init                                 0x08001d9d   Thumb Code    60  stm32f10x_spi.o(.text)
    I2S_Init                                 0x08001dd9   Thumb Code   226  stm32f10x_spi.o(.text)
    SPI_StructInit                           0x08001ebb   Thumb Code    24  stm32f10x_spi.o(.text)
    I2S_StructInit                           0x08001ed3   Thumb Code    20  stm32f10x_spi.o(.text)
    SPI_Cmd                                  0x08001ee7   Thumb Code    24  stm32f10x_spi.o(.text)
    I2S_Cmd                                  0x08001eff   Thumb Code    24  stm32f10x_spi.o(.text)
    SPI_I2S_ITConfig                         0x08001f17   Thumb Code    32  stm32f10x_spi.o(.text)
    SPI_I2S_DMACmd                           0x08001f37   Thumb Code    18  stm32f10x_spi.o(.text)
    SPI_I2S_SendData                         0x08001f49   Thumb Code     4  stm32f10x_spi.o(.text)
    SPI_I2S_ReceiveData                      0x08001f4d   Thumb Code     6  stm32f10x_spi.o(.text)
    SPI_NSSInternalSoftwareConfig            0x08001f53   Thumb Code    30  stm32f10x_spi.o(.text)
    SPI_SSOutputCmd                          0x08001f71   Thumb Code    24  stm32f10x_spi.o(.text)
    SPI_DataSizeConfig                       0x08001f89   Thumb Code    18  stm32f10x_spi.o(.text)
    SPI_TransmitCRC                          0x08001f9b   Thumb Code    10  stm32f10x_spi.o(.text)
    SPI_CalculateCRC                         0x08001fa5   Thumb Code    24  stm32f10x_spi.o(.text)
    SPI_GetCRC                               0x08001fbd   Thumb Code    16  stm32f10x_spi.o(.text)
    SPI_GetCRCPolynomial                     0x08001fcd   Thumb Code     6  stm32f10x_spi.o(.text)
    SPI_BiDirectionalLineConfig              0x08001fd3   Thumb Code    28  stm32f10x_spi.o(.text)
    SPI_I2S_GetFlagStatus                    0x08001fef   Thumb Code    18  stm32f10x_spi.o(.text)
    SPI_I2S_ClearFlag                        0x08002001   Thumb Code     6  stm32f10x_spi.o(.text)
    SPI_I2S_GetITStatus                      0x08002007   Thumb Code    52  stm32f10x_spi.o(.text)
    SPI_I2S_ClearITPendingBit                0x0800203b   Thumb Code    20  stm32f10x_spi.o(.text)
    USART_DeInit                             0x0800205d   Thumb Code   134  stm32f10x_usart.o(.text)
    USART_Init                               0x080020e3   Thumb Code   210  stm32f10x_usart.o(.text)
    USART_StructInit                         0x080021b5   Thumb Code    24  stm32f10x_usart.o(.text)
    USART_ClockInit                          0x080021cd   Thumb Code    34  stm32f10x_usart.o(.text)
    USART_ClockStructInit                    0x080021ef   Thumb Code    12  stm32f10x_usart.o(.text)
    USART_Cmd                                0x080021fb   Thumb Code    24  stm32f10x_usart.o(.text)
    USART_ITConfig                           0x08002213   Thumb Code    74  stm32f10x_usart.o(.text)
    USART_DMACmd                             0x0800225d   Thumb Code    18  stm32f10x_usart.o(.text)
    USART_SetAddress                         0x0800226f   Thumb Code    18  stm32f10x_usart.o(.text)
    USART_WakeUpConfig                       0x08002281   Thumb Code    18  stm32f10x_usart.o(.text)
    USART_ReceiverWakeUpCmd                  0x08002293   Thumb Code    24  stm32f10x_usart.o(.text)
    USART_LINBreakDetectLengthConfig         0x080022ab   Thumb Code    18  stm32f10x_usart.o(.text)
    USART_LINCmd                             0x080022bd   Thumb Code    24  stm32f10x_usart.o(.text)
    USART_SendData                           0x080022d5   Thumb Code     8  stm32f10x_usart.o(.text)
    USART_ReceiveData                        0x080022dd   Thumb Code    10  stm32f10x_usart.o(.text)
    USART_SendBreak                          0x080022e7   Thumb Code    10  stm32f10x_usart.o(.text)
    USART_SetGuardTime                       0x080022f1   Thumb Code    16  stm32f10x_usart.o(.text)
    USART_SetPrescaler                       0x08002301   Thumb Code    16  stm32f10x_usart.o(.text)
    USART_SmartCardCmd                       0x08002311   Thumb Code    24  stm32f10x_usart.o(.text)
    USART_SmartCardNACKCmd                   0x08002329   Thumb Code    24  stm32f10x_usart.o(.text)
    USART_HalfDuplexCmd                      0x08002341   Thumb Code    24  stm32f10x_usart.o(.text)
    USART_OverSampling8Cmd                   0x08002359   Thumb Code    22  stm32f10x_usart.o(.text)
    USART_OneBitMethodCmd                    0x0800236f   Thumb Code    24  stm32f10x_usart.o(.text)
    USART_IrDAConfig                         0x08002387   Thumb Code    18  stm32f10x_usart.o(.text)
    USART_IrDACmd                            0x08002399   Thumb Code    24  stm32f10x_usart.o(.text)
    USART_GetFlagStatus                      0x080023b1   Thumb Code    26  stm32f10x_usart.o(.text)
    USART_ClearFlag                          0x080023cb   Thumb Code    18  stm32f10x_usart.o(.text)
    USART_GetITStatus                        0x080023dd   Thumb Code    84  stm32f10x_usart.o(.text)
    USART_ClearITPendingBit                  0x08002431   Thumb Code    52  stm32f10x_usart.o(.text)
    SystemInit                               0x08002543   Thumb Code    78  system_stm32f10x.o(.text)
    SystemCoreClockUpdate                    0x08002591   Thumb Code   142  system_stm32f10x.o(.text)
    Reset_Handler                            0x08002645   Thumb Code     8  startup_stm32f10x_hd.o(.text)
    ADC1_2_IRQHandler                        0x0800265f   Thumb Code     0  startup_stm32f10x_hd.o(.text)
    ADC3_IRQHandler                          0x0800265f   Thumb Code     0  startup_stm32f10x_hd.o(.text)
    CAN1_RX1_IRQHandler                      0x0800265f   Thumb Code     0  startup_stm32f10x_hd.o(.text)
    CAN1_SCE_IRQHandler                      0x0800265f   Thumb Code     0  startup_stm32f10x_hd.o(.text)
    DMA1_Channel1_IRQHandler                 0x0800265f   Thumb Code     0  startup_stm32f10x_hd.o(.text)
    DMA1_Channel2_IRQHandler                 0x0800265f   Thumb Code     0  startup_stm32f10x_hd.o(.text)
    DMA1_Channel3_IRQHandler                 0x0800265f   Thumb Code     0  startup_stm32f10x_hd.o(.text)
    DMA1_Channel4_IRQHandler                 0x0800265f   Thumb Code     0  startup_stm32f10x_hd.o(.text)
    DMA1_Channel5_IRQHandler                 0x0800265f   Thumb Code     0  startup_stm32f10x_hd.o(.text)
    DMA1_Channel6_IRQHandler                 0x0800265f   Thumb Code     0  startup_stm32f10x_hd.o(.text)
    DMA1_Channel7_IRQHandler                 0x0800265f   Thumb Code     0  startup_stm32f10x_hd.o(.text)
    DMA2_Channel1_IRQHandler                 0x0800265f   Thumb Code     0  startup_stm32f10x_hd.o(.text)
    DMA2_Channel2_IRQHandler                 0x0800265f   Thumb Code     0  startup_stm32f10x_hd.o(.text)
    DMA2_Channel3_IRQHandler                 0x0800265f   Thumb Code     0  startup_stm32f10x_hd.o(.text)
    DMA2_Channel4_5_IRQHandler               0x0800265f   Thumb Code     0  startup_stm32f10x_hd.o(.text)
    EXTI0_IRQHandler                         0x0800265f   Thumb Code     0  startup_stm32f10x_hd.o(.text)
    EXTI15_10_IRQHandler                     0x0800265f   Thumb Code     0  startup_stm32f10x_hd.o(.text)
    EXTI1_IRQHandler                         0x0800265f   Thumb Code     0  startup_stm32f10x_hd.o(.text)
    EXTI2_IRQHandler                         0x0800265f   Thumb Code     0  startup_stm32f10x_hd.o(.text)
    EXTI4_IRQHandler                         0x0800265f   Thumb Code     0  startup_stm32f10x_hd.o(.text)
    EXTI9_5_IRQHandler                       0x0800265f   Thumb Code     0  startup_stm32f10x_hd.o(.text)
    FLASH_IRQHandler                         0x0800265f   Thumb Code     0  startup_stm32f10x_hd.o(.text)
    FSMC_IRQHandler                          0x0800265f   Thumb Code     0  startup_stm32f10x_hd.o(.text)
    I2C1_ER_IRQHandler                       0x0800265f   Thumb Code     0  startup_stm32f10x_hd.o(.text)
    I2C1_EV_IRQHandler                       0x0800265f   Thumb Code     0  startup_stm32f10x_hd.o(.text)
    I2C2_ER_IRQHandler                       0x0800265f   Thumb Code     0  startup_stm32f10x_hd.o(.text)
    I2C2_EV_IRQHandler                       0x0800265f   Thumb Code     0  startup_stm32f10x_hd.o(.text)
    PVD_IRQHandler                           0x0800265f   Thumb Code     0  startup_stm32f10x_hd.o(.text)
    RCC_IRQHandler                           0x0800265f   Thumb Code     0  startup_stm32f10x_hd.o(.text)
    RTCAlarm_IRQHandler                      0x0800265f   Thumb Code     0  startup_stm32f10x_hd.o(.text)
    RTC_IRQHandler                           0x0800265f   Thumb Code     0  startup_stm32f10x_hd.o(.text)
    SDIO_IRQHandler                          0x0800265f   Thumb Code     0  startup_stm32f10x_hd.o(.text)
    SPI1_IRQHandler                          0x0800265f   Thumb Code     0  startup_stm32f10x_hd.o(.text)
    SPI2_IRQHandler                          0x0800265f   Thumb Code     0  startup_stm32f10x_hd.o(.text)
    SPI3_IRQHandler                          0x0800265f   Thumb Code     0  startup_stm32f10x_hd.o(.text)
    TAMPER_IRQHandler                        0x0800265f   Thumb Code     0  startup_stm32f10x_hd.o(.text)
    TIM1_BRK_IRQHandler                      0x0800265f   Thumb Code     0  startup_stm32f10x_hd.o(.text)
    TIM1_CC_IRQHandler                       0x0800265f   Thumb Code     0  startup_stm32f10x_hd.o(.text)
    TIM1_TRG_COM_IRQHandler                  0x0800265f   Thumb Code     0  startup_stm32f10x_hd.o(.text)
    TIM1_UP_IRQHandler                       0x0800265f   Thumb Code     0  startup_stm32f10x_hd.o(.text)
    TIM2_IRQHandler                          0x0800265f   Thumb Code     0  startup_stm32f10x_hd.o(.text)
    TIM3_IRQHandler                          0x0800265f   Thumb Code     0  startup_stm32f10x_hd.o(.text)
    TIM4_IRQHandler                          0x0800265f   Thumb Code     0  startup_stm32f10x_hd.o(.text)
    TIM5_IRQHandler                          0x0800265f   Thumb Code     0  startup_stm32f10x_hd.o(.text)
    TIM6_IRQHandler                          0x0800265f   Thumb Code     0  startup_stm32f10x_hd.o(.text)
    TIM7_IRQHandler                          0x0800265f   Thumb Code     0  startup_stm32f10x_hd.o(.text)
    TIM8_BRK_IRQHandler                      0x0800265f   Thumb Code     0  startup_stm32f10x_hd.o(.text)
    TIM8_CC_IRQHandler                       0x0800265f   Thumb Code     0  startup_stm32f10x_hd.o(.text)
    TIM8_TRG_COM_IRQHandler                  0x0800265f   Thumb Code     0  startup_stm32f10x_hd.o(.text)
    TIM8_UP_IRQHandler                       0x0800265f   Thumb Code     0  startup_stm32f10x_hd.o(.text)
    UART4_IRQHandler                         0x0800265f   Thumb Code     0  startup_stm32f10x_hd.o(.text)
    UART5_IRQHandler                         0x0800265f   Thumb Code     0  startup_stm32f10x_hd.o(.text)
    USART2_IRQHandler                        0x0800265f   Thumb Code     0  startup_stm32f10x_hd.o(.text)
    USART3_IRQHandler                        0x0800265f   Thumb Code     0  startup_stm32f10x_hd.o(.text)
    USBWakeUp_IRQHandler                     0x0800265f   Thumb Code     0  startup_stm32f10x_hd.o(.text)
    USB_HP_CAN1_TX_IRQHandler                0x0800265f   Thumb Code     0  startup_stm32f10x_hd.o(.text)
    USB_LP_CAN1_RX0_IRQHandler               0x0800265f   Thumb Code     0  startup_stm32f10x_hd.o(.text)
    WWDG_IRQHandler                          0x0800265f   Thumb Code     0  startup_stm32f10x_hd.o(.text)
    seed_from_timestamp_and_pid              0x08002669   Thumb Code     6  jansson_config.o(.text)
    arm_fir_f32                              0x08002671   Thumb Code  2274  arm_fir_f32.o(.text)
    arm_fir_init_f32                         0x08002f53   Thumb Code    28  arm_fir_init_f32.o(.text)
    __aeabi_uidiv                            0x08002f6f   Thumb Code     0  uidiv.o(.text)
    __aeabi_uidivmod                         0x08002f6f   Thumb Code    44  uidiv.o(.text)
    qsort                                    0x08002f9b   Thumb Code   156  qsort.o(.text)
    ___aeabi_memcpy8$move                    0x08003037   Thumb Code     0  memmovea.o(.text)
    __aeabi_memcpy                           0x08003037   Thumb Code    64  memmovea.o(.text)
    __aeabi_memcpy4                          0x08003037   Thumb Code     0  memmovea.o(.text)
    __aeabi_memmove                          0x08003037   Thumb Code     0  memmovea.o(.text)
    __aeabi_memmove4                         0x08003037   Thumb Code     0  memmovea.o(.text)
    __aeabi_memmove8                         0x08003037   Thumb Code     0  memmovea.o(.text)
    __aeabi_memset                           0x08003077   Thumb Code    14  memseta.o(.text)
    __aeabi_memset4                          0x08003077   Thumb Code     0  memseta.o(.text)
    __aeabi_memset8                          0x08003077   Thumb Code     0  memseta.o(.text)
    __aeabi_memclr                           0x08003085   Thumb Code     4  memseta.o(.text)
    __aeabi_memclr4                          0x08003085   Thumb Code     0  memseta.o(.text)
    __aeabi_memclr8                          0x08003085   Thumb Code     0  memseta.o(.text)
    _memset$wrapper                          0x08003089   Thumb Code    18  memseta.o(.text)
    strchr                                   0x0800309b   Thumb Code    20  strchr.o(.text)
    strlen                                   0x080030af   Thumb Code    14  strlen.o(.text)
    strcmp                                   0x080030bd   Thumb Code    28  strcmp.o(.text)
    strcpy                                   0x080030d9   Thumb Code    18  strcpy.o(.text)
    __aeabi_fadd                             0x080030eb   Thumb Code   164  fadd.o(.text)
    __aeabi_fsub                             0x0800318f   Thumb Code     6  fadd.o(.text)
    __aeabi_frsub                            0x08003195   Thumb Code     6  fadd.o(.text)
    __aeabi_fmul                             0x0800319b   Thumb Code   100  fmul.o(.text)
    __aeabi_fdiv                             0x080031ff   Thumb Code   124  fdiv.o(.text)
    __aeabi_dadd                             0x0800327b   Thumb Code   322  dadd.o(.text)
    __aeabi_dsub                             0x080033bd   Thumb Code     6  dadd.o(.text)
    __aeabi_drsub                            0x080033c3   Thumb Code     6  dadd.o(.text)
    __aeabi_dmul                             0x080033c9   Thumb Code   228  dmul.o(.text)
    __aeabi_ddiv                             0x080034ad   Thumb Code   222  ddiv.o(.text)
    __aeabi_i2f                              0x0800358b   Thumb Code    18  fflti.o(.text)
    __aeabi_ui2f                             0x0800359d   Thumb Code    10  ffltui.o(.text)
    __aeabi_i2d                              0x080035a7   Thumb Code    34  dflti.o(.text)
    __aeabi_f2uiz                            0x080035c9   Thumb Code    40  ffixui.o(.text)
    __aeabi_f2d                              0x080035f1   Thumb Code    38  f2d.o(.text)
    __aeabi_d2f                              0x08003617   Thumb Code    56  d2f.o(.text)
    __aeabi_cfcmpeq                          0x08003651   Thumb Code     0  cfcmple.o(.text)
    __aeabi_cfcmple                          0x08003651   Thumb Code    20  cfcmple.o(.text)
    __aeabi_cfrcmple                         0x08003665   Thumb Code    20  cfrcmple.o(.text)
    __aeabi_uldivmod                         0x08003679   Thumb Code    98  uldiv.o(.text)
    __aeabi_llsl                             0x080036db   Thumb Code    30  llshl.o(.text)
    _ll_shift_l                              0x080036db   Thumb Code     0  llshl.o(.text)
    __aeabi_lasr                             0x080036f9   Thumb Code    36  llsshr.o(.text)
    _ll_sshift_r                             0x080036f9   Thumb Code     0  llsshr.o(.text)
    __I$use$fp                               0x0800371d   Thumb Code     0  iusefp.o(.text)
    _float_round                             0x0800371d   Thumb Code    18  fepilogue.o(.text)
    _float_epilogue                          0x0800372f   Thumb Code    92  fepilogue.o(.text)
    _double_round                            0x0800378b   Thumb Code    30  depilogue.o(.text)
    _double_epilogue                         0x080037a9   Thumb Code   156  depilogue.o(.text)
    __aeabi_d2ulz                            0x08003845   Thumb Code    48  dfixul.o(.text)
    __aeabi_cdrcmple                         0x08003875   Thumb Code    48  cdrcmple.o(.text)
    __scatterload                            0x080038a5   Thumb Code    28  init.o(.text)
    __scatterload_rt2                        0x080038a5   Thumb Code     0  init.o(.text)
    __aeabi_llsr                             0x080038c9   Thumb Code    32  llushr.o(.text)
    _ll_ushift_r                             0x080038c9   Thumb Code     0  llushr.o(.text)
    __0printf                                0x080038e9   Thumb Code    22  printfa.o(i.__0printf)
    __1printf                                0x080038e9   Thumb Code     0  printfa.o(i.__0printf)
    __2printf                                0x080038e9   Thumb Code     0  printfa.o(i.__0printf)
    __c89printf                              0x080038e9   Thumb Code     0  printfa.o(i.__0printf)
    printf                                   0x080038e9   Thumb Code     0  printfa.o(i.__0printf)
    __0snprintf                              0x08003909   Thumb Code    36  printfa.o(i.__0snprintf)
    __1snprintf                              0x08003909   Thumb Code     0  printfa.o(i.__0snprintf)
    __2snprintf                              0x08003909   Thumb Code     0  printfa.o(i.__0snprintf)
    __c89snprintf                            0x08003909   Thumb Code     0  printfa.o(i.__0snprintf)
    snprintf                                 0x08003909   Thumb Code     0  printfa.o(i.__0snprintf)
    __0sprintf                               0x08003931   Thumb Code    34  printfa.o(i.__0sprintf)
    __1sprintf                               0x08003931   Thumb Code     0  printfa.o(i.__0sprintf)
    __2sprintf                               0x08003931   Thumb Code     0  printfa.o(i.__0sprintf)
    __c89sprintf                             0x08003931   Thumb Code     0  printfa.o(i.__0sprintf)
    sprintf                                  0x08003931   Thumb Code     0  printfa.o(i.__0sprintf)
    __0vsnprintf                             0x08003959   Thumb Code    32  printfa.o(i.__0vsnprintf)
    __1vsnprintf                             0x08003959   Thumb Code     0  printfa.o(i.__0vsnprintf)
    __2vsnprintf                             0x08003959   Thumb Code     0  printfa.o(i.__0vsnprintf)
    __c89vsnprintf                           0x08003959   Thumb Code     0  printfa.o(i.__0vsnprintf)
    vsnprintf                                0x08003959   Thumb Code     0  printfa.o(i.__0vsnprintf)
    __ARM_common_switch8                     0x0800397d   Thumb Code    26  dump.o(i.__ARM_common_switch8)
    __ARM_isinf                              0x08003997   Thumb Code    22  value.o(i.__ARM_isinf)
    __ARM_isnan                              0x080039ad   Thumb Code    20  value.o(i.__ARM_isnan)
    __scatterload_copy                       0x080039c5   Thumb Code    14  handlers.o(i.__scatterload_copy)
    __scatterload_null                       0x080039d3   Thumb Code     2  handlers.o(i.__scatterload_null)
    __scatterload_zeroinit                   0x080039d5   Thumb Code    14  handlers.o(i.__scatterload_zeroinit)
    free                                     0x08004815   Thumb Code    76  malloc.o(i.free)
    hashtable_close                          0x080049a9   Thumb Code    16  hashtable.o(i.hashtable_close)
    hashtable_get                            0x08004a8d   Thumb Code    58  hashtable.o(i.hashtable_get)
    hashtable_init                           0x08004acd   Thumb Code    72  hashtable.o(i.hashtable_init)
    hashtable_iter                           0x08004b15   Thumb Code    12  hashtable.o(i.hashtable_iter)
    hashtable_iter_key                       0x08004b21   Thumb Code     4  hashtable.o(i.hashtable_iter_key)
    hashtable_iter_next                      0x08004b25   Thumb Code    14  hashtable.o(i.hashtable_iter_next)
    hashtable_iter_serial                    0x08004b33   Thumb Code     4  hashtable.o(i.hashtable_iter_serial)
    hashtable_iter_value                     0x08004b37   Thumb Code     4  hashtable.o(i.hashtable_iter_value)
    hashtable_set                            0x08004b3d   Thumb Code   168  hashtable.o(i.hashtable_set)
    json_array                               0x08004c13   Thumb Code    54  value.o(i.json_array)
    json_array_append_new                    0x08004c49   Thumb Code    68  value.o(i.json_array_append_new)
    json_array_get                           0x08004c91   Thumb Code    28  value.o(i.json_array_get)
    json_array_size                          0x08004cf9   Thumb Code    18  value.o(i.json_array_size)
    json_delete                              0x08004d53   Thumb Code    84  value.o(i.json_delete)
    json_dump_callback                       0x08004da7   Thumb Code    42  dump.o(i.json_dump_callback)
    json_dumps                               0x08004dd1   Thumb Code    62  dump.o(i.json_dumps)
    json_false                               0x08004e15   Thumb Code     4  value.o(i.json_false)
    json_integer                             0x08004e2d   Thumb Code    28  value.o(i.json_integer)
    json_integer_value                       0x08004e49   Thumb Code    24  value.o(i.json_integer_value)
    json_null                                0x08004e61   Thumb Code     4  value.o(i.json_null)
    json_object                              0x08004e69   Thumb Code    70  value.o(i.json_object)
    json_object_get                          0x08004eb5   Thumb Code    28  value.o(i.json_object_get)
    json_object_iter                         0x08004ed1   Thumb Code    24  value.o(i.json_object_iter)
    json_object_iter_key                     0x08004ee9   Thumb Code    12  value.o(i.json_object_iter_key)
    json_object_iter_next                    0x08004ef5   Thumb Code    28  value.o(i.json_object_iter_next)
    json_object_iter_value                   0x08004f11   Thumb Code    12  value.o(i.json_object_iter_value)
    json_object_seed                         0x08004f1d   Thumb Code    34  hashtable_seed.o(i.json_object_seed)
    json_object_set_new_nocheck              0x08004f45   Thumb Code    58  value.o(i.json_object_set_new_nocheck)
    json_object_size                         0x08004f85   Thumb Code    18  value.o(i.json_object_size)
    json_pack                                0x08004f97   Thumb Code    24  pack_unpack.o(i.json_pack)
    json_real                                0x08004faf   Thumb Code    52  value.o(i.json_real)
    json_real_value                          0x08004fe3   Thumb Code    24  value.o(i.json_real_value)
    json_string_length                       0x08004ffb   Thumb Code    18  value.o(i.json_string_length)
    json_string_value                        0x0800500d   Thumb Code    18  value.o(i.json_string_value)
    json_stringn_nocheck                     0x0800501f   Thumb Code    10  value.o(i.json_stringn_nocheck)
    json_true                                0x08005029   Thumb Code     4  value.o(i.json_true)
    json_vpack_ex                            0x08005031   Thumb Code   128  pack_unpack.o(i.json_vpack_ex)
    jsonp_dtostr                             0x080050f5   Thumb Code   150  strconv.o(i.jsonp_dtostr)
    jsonp_error_init                         0x08005195   Thumb Code    34  error.o(i.jsonp_error_init)
    jsonp_error_set                          0x080051b7   Thumb Code    16  error.o(i.jsonp_error_set)
    jsonp_error_set_source                   0x080051c9   Thumb Code    56  error.o(i.jsonp_error_set_source)
    jsonp_error_vset                         0x08005205   Thumb Code    44  error.o(i.jsonp_error_vset)
    jsonp_free                               0x08005231   Thumb Code    12  memory.o(i.jsonp_free)
    jsonp_malloc                             0x08005241   Thumb Code    12  memory.o(i.jsonp_malloc)
    jsonp_strdup                             0x08005251   Thumb Code    18  memory.o(i.jsonp_strdup)
    jsonp_stringn_nocheck_own                0x08005263   Thumb Code    10  value.o(i.jsonp_stringn_nocheck_own)
    jsonp_strndup                            0x0800526d   Thumb Code    36  memory.o(i.jsonp_strndup)
    malloc                                   0x080052a1   Thumb Code    92  malloc.o(i.malloc)
    strbuffer_append_bytes                   0x08005875   Thumb Code   108  strbuffer.o(i.strbuffer_append_bytes)
    strbuffer_close                          0x080058e5   Thumb Code    24  strbuffer.o(i.strbuffer_close)
    strbuffer_init                           0x080058fd   Thumb Code    34  strbuffer.o(i.strbuffer_init)
    strbuffer_steal_value                    0x0800591f   Thumb Code    10  strbuffer.o(i.strbuffer_steal_value)
    strbuffer_value                          0x08005929   Thumb Code     4  strbuffer.o(i.strbuffer_value)
    utf8_check_first                         0x0800596b   Thumb Code    60  utf.o(i.utf8_check_first)
    utf8_check_full                          0x080059a9   Thumb Code   126  utf.o(i.utf8_check_full)
    utf8_check_string                        0x08005a31   Thumb Code    62  utf.o(i.utf8_check_string)
    utf8_iterate                             0x08005a6f   Thumb Code    64  utf.o(i.utf8_iterate)
    BPF_5Hz_40Hz                             0x08005ab0   Data         516  main.o(.constdata)
    LPF_2Hz                                  0x08005cb4   Data         516  main.o(.constdata)
    Region$$Table$$Base                      0x08005ee4   Number         0  anon$$obj.o(Region$$Table)
    Region$$Table$$Limit                     0x08005f04   Number         0  anon$$obj.o(Region$$Table)
    ch1_data                                 0x20000000   Data           4  main.o(.data)
    ch2_data                                 0x20000004   Data           4  main.o(.data)
    flog                                     0x20000008   Data           1  main.o(.data)
    point_cnt                                0x2000000a   Data           2  main.o(.data)
    blockSize                                0x2000000c   Data           4  main.o(.data)
    numBlocks                                0x20000010   Data           4  main.o(.data)
    Input_data1                              0x20000014   Data           4  main.o(.data)
    Output_data1                             0x20000018   Data           4  main.o(.data)
    Input_data2                              0x2000001c   Data           4  main.o(.data)
    Output_data2                             0x20000020   Data           4  main.o(.data)
    __stdout                                 0x20000024   Data           4  usart.o(.data)
    USART_RX_STA                             0x20000028   Data           2  usart.o(.data)
    vMLX90614_BusInit                        0x2000002c   Data           4  mlx90614.o(.data)
    ucMLX90614_BusRead                       0x20000030   Data           4  mlx90614.o(.data)
    ucMLX90614_BusWrite                      0x20000034   Data           4  mlx90614.o(.data)
    SystemCoreClock                          0x20000050   Data           4  system_stm32f10x.o(.data)
    AHBPrescTable                            0x20000054   Data          16  system_stm32f10x.o(.data)
    hashtable_seed                           0x20000084   Data           4  hashtable_seed.o(.data)
    __microlib_freelist                      0x20000088   Data           4  mvars.o(.data)
    __microlib_freelist_initialised          0x2000008c   Data           4  mvars.o(.data)
    sMlx                                     0x20000090   Data          20  main.o(.bss)
    firState1                                0x200000a4   Data         516  main.o(.bss)
    firState2                                0x200002a8   Data         516  main.o(.bss)
    USART_RX_BUF                             0x200004ac   Data         200  usart.o(.bss)
    SPI_InitStructure                        0x20000574   Data          18  spi.o(.bss)
    __heap_base                              0x20000588   Data           0  startup_stm32f10x_hd.o(HEAP)
    __heap_limit                             0x20000788   Data           0  startup_stm32f10x_hd.o(HEAP)
    __initial_sp                             0x20000b88   Data           0  startup_stm32f10x_hd.o(STACK)



==============================================================================

Memory Map of the image

  Image Entry point : 0x08000131

  Load Region LR_IROM1 (Base: 0x08000000, Size: 0x00005f94, Max: 0x00040000, ABSOLUTE)

    Execution Region ER_IROM1 (Base: 0x08000000, Size: 0x00005f04, Max: 0x00040000, ABSOLUTE)

    Base Addr    Size         Type   Attr      Idx    E Section Name        Object

    0x08000000   0x00000130   Data   RO          752    RESET               startup_stm32f10x_hd.o
    0x08000130   0x00000000   Code   RO         1874  * .ARM.Collect$$$$00000000  mc_w.l(entry.o)
    0x08000130   0x00000004   Code   RO         2239    .ARM.Collect$$$$00000001  mc_w.l(entry2.o)
    0x08000134   0x00000004   Code   RO         2242    .ARM.Collect$$$$00000004  mc_w.l(entry5.o)
    0x08000138   0x00000000   Code   RO         2244    .ARM.Collect$$$$00000008  mc_w.l(entry7b.o)
    0x08000138   0x00000000   Code   RO         2246    .ARM.Collect$$$$0000000A  mc_w.l(entry8b.o)
    0x08000138   0x00000008   Code   RO         2247    .ARM.Collect$$$$0000000B  mc_w.l(entry9a.o)
    0x08000140   0x00000000   Code   RO         2249    .ARM.Collect$$$$0000000D  mc_w.l(entry10a.o)
    0x08000140   0x00000000   Code   RO         2251    .ARM.Collect$$$$0000000F  mc_w.l(entry11a.o)
    0x08000140   0x00000004   Code   RO         2240    .ARM.Collect$$$$00002712  mc_w.l(entry2.o)
    0x08000144   0x00000318   Code   RO            4    .text               main.o
    0x0800045c   0x000000b8   Code   RO          148    .text               stm32f10x_it.o
    0x08000514   0x0000003c   Code   RO          180    .text               led.o
    0x08000550   0x00000026   Code   RO          204    .text               peripheralinit.o
    0x08000576   0x00000128   Code   RO          228    .text               delay.o
    0x0800069e   0x00000002   PAD
    0x080006a0   0x00000140   Code   RO          308    .text               usart.o
    0x080007e0   0x0000026c   Code   RO          343    .text               ads1292.o
    0x08000a4c   0x000000c4   Code   RO          367    .text               spi.o
    0x08000b10   0x00000088   Code   RO          394    .text               extinterrupt.o
    0x08000b98   0x00000418   Code   RO          418    .text               mlx90614.o
    0x08000fb0   0x000003dc   Code   RO          469    .text               smbus.o
    0x0800138c   0x000000cc   Code   RO          493    .text               systick.o
    0x08001458   0x000000dc   Code   RO          519    .text               misc.o
    0x08001534   0x000003a4   Code   RO          543    .text               stm32f10x_rcc.o
    0x080018d8   0x0000035c   Code   RO          569    .text               stm32f10x_gpio.o
    0x08001c34   0x0000011c   Code   RO          593    .text               stm32f10x_exti.o
    0x08001d50   0x0000030c   Code   RO          665    .text               stm32f10x_spi.o
    0x0800205c   0x00000408   Code   RO          689    .text               stm32f10x_usart.o
    0x08002464   0x000001e0   Code   RO          723    .text               system_stm32f10x.o
    0x08002644   0x00000024   Code   RO          753    .text               startup_stm32f10x_hd.o
    0x08002668   0x00000006   Code   RO          757    .text               jansson_config.o
    0x0800266e   0x00000002   PAD
    0x08002670   0x000008e2   Code   RO          772    .text               arm_cortexM3l_math.lib(arm_fir_f32.o)
    0x08002f52   0x0000001c   Code   RO          818    .text               arm_cortexM3l_math.lib(arm_fir_init_f32.o)
    0x08002f6e   0x0000002c   Code   RO         1885    .text               mc_w.l(uidiv.o)
    0x08002f9a   0x0000009c   Code   RO         1887    .text               mc_w.l(qsort.o)
    0x08003036   0x00000040   Code   RO         1893    .text               mc_w.l(memmovea.o)
    0x08003076   0x00000024   Code   RO         1895    .text               mc_w.l(memseta.o)
    0x0800309a   0x00000014   Code   RO         1897    .text               mc_w.l(strchr.o)
    0x080030ae   0x0000000e   Code   RO         1899    .text               mc_w.l(strlen.o)
    0x080030bc   0x0000001c   Code   RO         1901    .text               mc_w.l(strcmp.o)
    0x080030d8   0x00000012   Code   RO         1905    .text               mc_w.l(strcpy.o)
    0x080030ea   0x000000b0   Code   RO         2207    .text               mf_w.l(fadd.o)
    0x0800319a   0x00000064   Code   RO         2209    .text               mf_w.l(fmul.o)
    0x080031fe   0x0000007c   Code   RO         2211    .text               mf_w.l(fdiv.o)
    0x0800327a   0x0000014e   Code   RO         2213    .text               mf_w.l(dadd.o)
    0x080033c8   0x000000e4   Code   RO         2215    .text               mf_w.l(dmul.o)
    0x080034ac   0x000000de   Code   RO         2217    .text               mf_w.l(ddiv.o)
    0x0800358a   0x00000012   Code   RO         2219    .text               mf_w.l(fflti.o)
    0x0800359c   0x0000000a   Code   RO         2221    .text               mf_w.l(ffltui.o)
    0x080035a6   0x00000022   Code   RO         2223    .text               mf_w.l(dflti.o)
    0x080035c8   0x00000028   Code   RO         2227    .text               mf_w.l(ffixui.o)
    0x080035f0   0x00000026   Code   RO         2229    .text               mf_w.l(f2d.o)
    0x08003616   0x00000038   Code   RO         2233    .text               mf_w.l(d2f.o)
    0x0800364e   0x00000002   PAD
    0x08003650   0x00000014   Code   RO         2235    .text               mf_w.l(cfcmple.o)
    0x08003664   0x00000014   Code   RO         2237    .text               mf_w.l(cfrcmple.o)
    0x08003678   0x00000062   Code   RO         2253    .text               mc_w.l(uldiv.o)
    0x080036da   0x0000001e   Code   RO         2255    .text               mc_w.l(llshl.o)
    0x080036f8   0x00000024   Code   RO         2257    .text               mc_w.l(llsshr.o)
    0x0800371c   0x00000000   Code   RO         2263    .text               mc_w.l(iusefp.o)
    0x0800371c   0x0000006e   Code   RO         2264    .text               mf_w.l(fepilogue.o)
    0x0800378a   0x000000ba   Code   RO         2266    .text               mf_w.l(depilogue.o)
    0x08003844   0x00000030   Code   RO         2268    .text               mf_w.l(dfixul.o)
    0x08003874   0x00000030   Code   RO         2270    .text               mf_w.l(cdrcmple.o)
    0x080038a4   0x00000024   Code   RO         2272    .text               mc_w.l(init.o)
    0x080038c8   0x00000020   Code   RO         2274    .text               mc_w.l(llushr.o)
    0x080038e8   0x00000020   Code   RO         2144    i.__0printf         mc_w.l(printfa.o)
    0x08003908   0x00000028   Code   RO         2145    i.__0snprintf       mc_w.l(printfa.o)
    0x08003930   0x00000028   Code   RO         2146    i.__0sprintf        mc_w.l(printfa.o)
    0x08003958   0x00000024   Code   RO         2149    i.__0vsnprintf      mc_w.l(printfa.o)
    0x0800397c   0x0000001a   Code   RO          901    i.__ARM_common_switch8  jansson_CM3LE.lib(dump.o)
    0x08003996   0x00000016   Code   RO         1428    i.__ARM_isinf       jansson_CM3LE.lib(value.o)
    0x080039ac   0x00000018   Code   RO         1433    i.__ARM_isnan       jansson_CM3LE.lib(value.o)
    0x080039c4   0x0000000e   Code   RO         2291    i.__scatterload_copy  mc_w.l(handlers.o)
    0x080039d2   0x00000002   Code   RO         2292    i.__scatterload_null  mc_w.l(handlers.o)
    0x080039d4   0x0000000e   Code   RO         2293    i.__scatterload_zeroinit  mc_w.l(handlers.o)
    0x080039e2   0x00000002   PAD
    0x080039e4   0x00000164   Code   RO         2151    i._fp_digits        mc_w.l(printfa.o)
    0x08003b48   0x000006dc   Code   RO         2152    i._printf_core      mc_w.l(printfa.o)
    0x08004224   0x00000024   Code   RO         2153    i._printf_post_padding  mc_w.l(printfa.o)
    0x08004248   0x0000002e   Code   RO         2154    i._printf_pre_padding  mc_w.l(printfa.o)
    0x08004276   0x00000016   Code   RO         2155    i._snputc           mc_w.l(printfa.o)
    0x0800428c   0x0000000a   Code   RO         2156    i._sputc            mc_w.l(printfa.o)
    0x08004296   0x00000018   Code   RO         1082    i.array_copy        jansson_CM3LE.lib(value.o)
    0x080042ae   0x00000016   Code   RO         1522    i.bucket_is_empty   jansson_CM3LE.lib(hashtable.o)
    0x080042c4   0x00000394   Code   RO          839    i.do_dump           jansson_CM3LE.lib(dump.o)
    0x08004658   0x00000060   Code   RO          840    i.dump_indent       jansson_CM3LE.lib(dump.o)
    0x080046b8   0x0000014c   Code   RO          841    i.dump_string       jansson_CM3LE.lib(dump.o)
    0x08004804   0x00000010   Code   RO          843    i.dump_to_strbuffer  jansson_CM3LE.lib(dump.o)
    0x08004814   0x00000050   Code   RO         2172    i.free              mc_w.l(malloc.o)
    0x08004864   0x00000144   Code   RO         1523    i.hashlittle        jansson_CM3LE.lib(hashtable.o)
    0x080049a8   0x00000010   Code   RO         1525    i.hashtable_close   jansson_CM3LE.lib(hashtable.o)
    0x080049b8   0x00000022   Code   RO         1527    i.hashtable_do_clear  jansson_CM3LE.lib(hashtable.o)
    0x080049da   0x00000076   Code   RO         1529    i.hashtable_do_rehash  jansson_CM3LE.lib(hashtable.o)
    0x08004a50   0x0000003c   Code   RO         1530    i.hashtable_find_pair  jansson_CM3LE.lib(hashtable.o)
    0x08004a8c   0x00000040   Code   RO         1531    i.hashtable_get     jansson_CM3LE.lib(hashtable.o)
    0x08004acc   0x00000048   Code   RO         1532    i.hashtable_init    jansson_CM3LE.lib(hashtable.o)
    0x08004b14   0x0000000c   Code   RO         1533    i.hashtable_iter    jansson_CM3LE.lib(hashtable.o)
    0x08004b20   0x00000004   Code   RO         1535    i.hashtable_iter_key  jansson_CM3LE.lib(hashtable.o)
    0x08004b24   0x0000000e   Code   RO         1536    i.hashtable_iter_next  jansson_CM3LE.lib(hashtable.o)
    0x08004b32   0x00000004   Code   RO         1537    i.hashtable_iter_serial  jansson_CM3LE.lib(hashtable.o)
    0x08004b36   0x00000004   Code   RO         1539    i.hashtable_iter_value  jansson_CM3LE.lib(hashtable.o)
    0x08004b3a   0x00000002   PAD
    0x08004b3c   0x000000ac   Code   RO         1540    i.hashtable_set     jansson_CM3LE.lib(hashtable.o)
    0x08004be8   0x0000002a   Code   RO         1541    i.insert_to_bucket  jansson_CM3LE.lib(hashtable.o)
    0x08004c12   0x00000036   Code   RO         1084    i.json_array        jansson_CM3LE.lib(value.o)
    0x08004c48   0x00000048   Code   RO         1085    i.json_array_append_new  jansson_CM3LE.lib(value.o)
    0x08004c90   0x0000001c   Code   RO         1088    i.json_array_get    jansson_CM3LE.lib(value.o)
    0x08004cac   0x0000004c   Code   RO         1089    i.json_array_grow   jansson_CM3LE.lib(value.o)
    0x08004cf8   0x00000012   Code   RO         1093    i.json_array_size   jansson_CM3LE.lib(value.o)
    0x08004d0a   0x00000018   Code   RO          947    i.json_decref       jansson_CM3LE.lib(pack_unpack.o)
    0x08004d22   0x00000018   Code   RO         1095    i.json_decref       jansson_CM3LE.lib(value.o)
    0x08004d3a   0x00000018   Code   RO         1542    i.json_decref       jansson_CM3LE.lib(hashtable.o)
    0x08004d52   0x00000054   Code   RO         1097    i.json_delete       jansson_CM3LE.lib(value.o)
    0x08004da6   0x0000002a   Code   RO          844    i.json_dump_callback  jansson_CM3LE.lib(dump.o)
    0x08004dd0   0x00000044   Code   RO          847    i.json_dumps        jansson_CM3LE.lib(dump.o)
    0x08004e14   0x00000008   Code   RO         1099    i.json_false        jansson_CM3LE.lib(value.o)
    0x08004e1c   0x00000010   Code   RO          948    i.json_incref       jansson_CM3LE.lib(pack_unpack.o)
    0x08004e2c   0x0000001c   Code   RO         1101    i.json_integer      jansson_CM3LE.lib(value.o)
    0x08004e48   0x00000018   Code   RO         1103    i.json_integer_value  jansson_CM3LE.lib(value.o)
    0x08004e60   0x00000008   Code   RO         1104    i.json_null         jansson_CM3LE.lib(value.o)
    0x08004e68   0x0000004c   Code   RO         1106    i.json_object       jansson_CM3LE.lib(value.o)
    0x08004eb4   0x0000001c   Code   RO         1111    i.json_object_get   jansson_CM3LE.lib(value.o)
    0x08004ed0   0x00000018   Code   RO         1112    i.json_object_iter  jansson_CM3LE.lib(value.o)
    0x08004ee8   0x0000000c   Code   RO         1114    i.json_object_iter_key  jansson_CM3LE.lib(value.o)
    0x08004ef4   0x0000001c   Code   RO         1115    i.json_object_iter_next  jansson_CM3LE.lib(value.o)
    0x08004f10   0x0000000c   Code   RO         1117    i.json_object_iter_value  jansson_CM3LE.lib(value.o)
    0x08004f1c   0x00000028   Code   RO         1852    i.json_object_seed  jansson_CM3LE.lib(hashtable_seed.o)
    0x08004f44   0x00000040   Code   RO         1120    i.json_object_set_new_nocheck  jansson_CM3LE.lib(value.o)
    0x08004f84   0x00000012   Code   RO         1122    i.json_object_size  jansson_CM3LE.lib(value.o)
    0x08004f96   0x00000018   Code   RO          949    i.json_pack         jansson_CM3LE.lib(pack_unpack.o)
    0x08004fae   0x00000034   Code   RO         1126    i.json_real         jansson_CM3LE.lib(value.o)
    0x08004fe2   0x00000018   Code   RO         1128    i.json_real_value   jansson_CM3LE.lib(value.o)
    0x08004ffa   0x00000012   Code   RO         1131    i.json_string_length  jansson_CM3LE.lib(value.o)
    0x0800500c   0x00000012   Code   RO         1137    i.json_string_value  jansson_CM3LE.lib(value.o)
    0x0800501e   0x0000000a   Code   RO         1139    i.json_stringn_nocheck  jansson_CM3LE.lib(value.o)
    0x08005028   0x00000008   Code   RO         1140    i.json_true         jansson_CM3LE.lib(value.o)
    0x08005030   0x000000c4   Code   RO          953    i.json_vpack_ex     jansson_CM3LE.lib(pack_unpack.o)
    0x080050f4   0x000000a0   Code   RO         1785    i.jsonp_dtostr      jansson_CM3LE.lib(strconv.o)
    0x08005194   0x00000022   Code   RO         1477    i.jsonp_error_init  jansson_CM3LE.lib(error.o)
    0x080051b6   0x00000010   Code   RO         1478    i.jsonp_error_set   jansson_CM3LE.lib(error.o)
    0x080051c6   0x00000002   PAD
    0x080051c8   0x0000003c   Code   RO         1479    i.jsonp_error_set_source  jansson_CM3LE.lib(error.o)
    0x08005204   0x0000002c   Code   RO         1480    i.jsonp_error_vset  jansson_CM3LE.lib(error.o)
    0x08005230   0x00000010   Code   RO         1680    i.jsonp_free        jansson_CM3LE.lib(memory.o)
    0x08005240   0x00000010   Code   RO         1681    i.jsonp_malloc      jansson_CM3LE.lib(memory.o)
    0x08005250   0x00000012   Code   RO         1682    i.jsonp_strdup      jansson_CM3LE.lib(memory.o)
    0x08005262   0x0000000a   Code   RO         1141    i.jsonp_stringn_nocheck_own  jansson_CM3LE.lib(value.o)
    0x0800526c   0x00000024   Code   RO         1683    i.jsonp_strndup     jansson_CM3LE.lib(memory.o)
    0x08005290   0x0000000e   Code   RO         1543    i.list_insert       jansson_CM3LE.lib(hashtable.o)
    0x0800529e   0x00000002   PAD
    0x080052a0   0x0000006c   Code   RO         2173    i.malloc            mc_w.l(malloc.o)
    0x0800530c   0x00000080   Code   RO          955    i.next_token        jansson_CM3LE.lib(pack_unpack.o)
    0x0800538c   0x0000000c   Code   RO          848    i.object_key_compare_keys  jansson_CM3LE.lib(dump.o)
    0x08005398   0x0000001a   Code   RO          849    i.object_key_compare_serials  jansson_CM3LE.lib(dump.o)
    0x080053b2   0x00000002   PAD
    0x080053b4   0x00000118   Code   RO          956    i.pack              jansson_CM3LE.lib(pack_unpack.o)
    0x080054cc   0x000000b0   Code   RO          957    i.pack_array        jansson_CM3LE.lib(pack_unpack.o)
    0x0800557c   0x00000130   Code   RO          958    i.pack_object       jansson_CM3LE.lib(pack_unpack.o)
    0x080056ac   0x00000014   Code   RO          959    i.prev_token        jansson_CM3LE.lib(pack_unpack.o)
    0x080056c0   0x0000015c   Code   RO          960    i.read_string       jansson_CM3LE.lib(pack_unpack.o)
    0x0800581c   0x0000002c   Code   RO          961    i.scanner_init      jansson_CM3LE.lib(pack_unpack.o)
    0x08005848   0x0000002c   Code   RO          962    i.set_error         jansson_CM3LE.lib(pack_unpack.o)
    0x08005874   0x00000070   Code   RO         1727    i.strbuffer_append_bytes  jansson_CM3LE.lib(strbuffer.o)
    0x080058e4   0x00000018   Code   RO         1729    i.strbuffer_close   jansson_CM3LE.lib(strbuffer.o)
    0x080058fc   0x00000022   Code   RO         1730    i.strbuffer_init    jansson_CM3LE.lib(strbuffer.o)
    0x0800591e   0x0000000a   Code   RO         1732    i.strbuffer_steal_value  jansson_CM3LE.lib(strbuffer.o)
    0x08005928   0x00000004   Code   RO         1733    i.strbuffer_value   jansson_CM3LE.lib(strbuffer.o)
    0x0800592c   0x0000003e   Code   RO         1142    i.string_create     jansson_CM3LE.lib(value.o)
    0x0800596a   0x0000003c   Code   RO         1816    i.utf8_check_first  jansson_CM3LE.lib(utf.o)
    0x080059a6   0x00000002   PAD
    0x080059a8   0x00000088   Code   RO         1817    i.utf8_check_full   jansson_CM3LE.lib(utf.o)
    0x08005a30   0x0000003e   Code   RO         1818    i.utf8_check_string  jansson_CM3LE.lib(utf.o)
    0x08005a6e   0x00000040   Code   RO         1820    i.utf8_iterate      jansson_CM3LE.lib(utf.o)
    0x08005aae   0x00000002   PAD
    0x08005ab0   0x00000410   Data   RO            6    .constdata          main.o
    0x08005ec0   0x00000021   Data   RO          850    .constdata          jansson_CM3LE.lib(dump.o)
    0x08005ee1   0x00000003   PAD
    0x08005ee4   0x00000020   Data   RO         2289    Region$$Table       anon$$obj.o


    Execution Region RW_IRAM1 (Base: 0x20000000, Size: 0x00000b88, Max: 0x0000c000, ABSOLUTE)

    Base Addr    Size         Type   Attr      Idx    E Section Name        Object

    0x20000000   0x00000024   Data   RW            7    .data               main.o
    0x20000024   0x00000006   Data   RW          310    .data               usart.o
    0x2000002a   0x00000002   PAD
    0x2000002c   0x0000000c   Data   RW          419    .data               mlx90614.o
    0x20000038   0x00000004   Data   RW          494    .data               systick.o
    0x2000003c   0x00000014   Data   RW          544    .data               stm32f10x_rcc.o
    0x20000050   0x00000014   Data   RW          724    .data               system_stm32f10x.o
    0x20000064   0x00000018   Data   RW         1143    .data               jansson_CM3LE.lib(value.o)
    0x2000007c   0x00000008   Data   RW         1684    .data               jansson_CM3LE.lib(memory.o)
    0x20000084   0x00000004   Data   RW         1853    .data               jansson_CM3LE.lib(hashtable_seed.o)
    0x20000088   0x00000004   Data   RW         2259    .data               mc_w.l(mvars.o)
    0x2000008c   0x00000004   Data   RW         2260    .data               mc_w.l(mvars.o)
    0x20000090   0x0000041c   Zero   RW            5    .bss                main.o
    0x200004ac   0x000000c8   Zero   RW          309    .bss                usart.o
    0x20000574   0x00000012   Zero   RW          368    .bss                spi.o
    0x20000586   0x00000002   PAD
    0x20000588   0x00000200   Zero   RW          751    HEAP                startup_stm32f10x_hd.o
    0x20000788   0x00000400   Zero   RW          750    STACK               startup_stm32f10x_hd.o


==============================================================================

Image component sizes


      Code (inc. data)   RO Data    RW Data    ZI Data      Debug   Object Name

       620         20          0          0          0       1910   ads1292.o
       296          0          0          0          0       2453   delay.o
       136          4          0          0          0       1019   extinterrupt.o
         6          0          0          0          0        830   jansson_config.o
        60          6          0          0          0        473   led.o
       792        174       1040         36       1052     268596   main.o
       220         22          0          0          0       1805   misc.o
      1048        126          0         12          0       3169   mlx90614.o
        38          0          0          0          0        457   peripheralinit.o
       988         14          0          0          0       3577   smbus.o
       196         12          0          0         18       1015   spi.o
        36          8        304          0       1536        808   startup_stm32f10x_hd.o
       284         10          0          0          0       2259   stm32f10x_exti.o
       860         38          0          0          0       5733   stm32f10x_gpio.o
       184         16          0          0          0       1467   stm32f10x_it.o
       932         36          0         20          0       8892   stm32f10x_rcc.o
       780         14          0          0          0       6618   stm32f10x_spi.o
      1032         22          0          0          0       8460   stm32f10x_usart.o
       480         38          0         20          0       1851   system_stm32f10x.o
       204          8          0          4          0       1041   systick.o
       320         18          0          6        200       2970   usart.o

    ----------------------------------------------------------------------
      9516        586       1376        100       2808     325403   Object Totals
         0          0         32          0          0          0   (incl. Generated)
         4          0          0          2          2          0   (incl. Padding)

    ----------------------------------------------------------------------

      Code (inc. data)   RO Data    RW Data    ZI Data      Debug   Library Member Name

      2274          0          0          0          0      21506   arm_fir_f32.o
        28          0          0          0          0       1059   arm_fir_init_f32.o
      1534        162         33          0          0      17721   dump.o
       154          4          0          0          0       6085   error.o
      1000         32          0          0          0      17697   hashtable.o
        40          6          0          4          0       1280   hashtable_seed.o
        86          8          0          8          0       6121   memory.o
      1604        414          0          0          0      12512   pack_unpack.o
       184          4          0          0          0       3386   strbuffer.o
       160         10          0          0          0        783   strconv.o
       322         10          0          0          0       3128   utf.o
       958         32          0         24          0      25330   value.o
         0          0          0          0          0          0   entry.o
         0          0          0          0          0          0   entry10a.o
         0          0          0          0          0          0   entry11a.o
         8          4          0          0          0          0   entry2.o
         4          0          0          0          0          0   entry5.o
         0          0          0          0          0          0   entry7b.o
         0          0          0          0          0          0   entry8b.o
         8          4          0          0          0          0   entry9a.o
        30          0          0          0          0          0   handlers.o
        36          8          0          0          0         68   init.o
         0          0          0          0          0          0   iusefp.o
        30          0          0          0          0         68   llshl.o
        36          0          0          0          0         68   llsshr.o
        32          0          0          0          0         68   llushr.o
       188         20          0          0          0        160   malloc.o
        64          0          0          0          0         76   memmovea.o
        36          0          0          0          0        108   memseta.o
         0          0          0          8          0          0   mvars.o
      2374        104          0          0          0        828   printfa.o
       156          0          0          0          0         88   qsort.o
        20          0          0          0          0         68   strchr.o
        28          0          0          0          0         76   strcmp.o
        18          0          0          0          0         68   strcpy.o
        14          0          0          0          0         68   strlen.o
        44          0          0          0          0         80   uidiv.o
        98          0          0          0          0         92   uldiv.o
        48          0          0          0          0         68   cdrcmple.o
        20          0          0          0          0         68   cfcmple.o
        20          0          0          0          0         68   cfrcmple.o
        56          0          0          0          0         88   d2f.o
       334          0          0          0          0        148   dadd.o
       222          0          0          0          0        100   ddiv.o
       186          0          0          0          0        176   depilogue.o
        48          0          0          0          0         68   dfixul.o
        34          0          0          0          0         76   dflti.o
       228          0          0          0          0         96   dmul.o
        38          0          0          0          0         68   f2d.o
       176          0          0          0          0        140   fadd.o
       124          0          0          0          0         88   fdiv.o
       110          0          0          0          0        168   fepilogue.o
        40          0          0          0          0         68   ffixui.o
        18          0          0          0          0         68   fflti.o
        10          0          0          0          0         68   ffltui.o
       100          0          0          0          0         76   fmul.o

    ----------------------------------------------------------------------
     13396        822         36         44          0     120292   Library Totals
        16          0          3          0          0          0   (incl. Padding)

    ----------------------------------------------------------------------

      Code (inc. data)   RO Data    RW Data    ZI Data      Debug   Library Name

      2302          0          0          0          0      22565   arm_cortexM3l_math.lib
      6042        682         33         36          0      94043   jansson_CM3LE.lib
      3224        140          0          8          0       1984   mc_w.l
      1812          0          0          0          0       1700   mf_w.l

    ----------------------------------------------------------------------
     13396        822         36         44          0     120292   Library Totals

    ----------------------------------------------------------------------

==============================================================================


      Code (inc. data)   RO Data    RW Data    ZI Data      Debug   

     22912       1408       1412        144       2808     438383   Grand Totals
     22912       1408       1412        144       2808     438383   ELF Image Totals
     22912       1408       1412        144          0          0   ROM Totals

==============================================================================

    Total RO  Size (Code + RO Data)                24324 (  23.75kB)
    Total RW  Size (RW Data + ZI Data)              2952 (   2.88kB)
    Total ROM Size (Code + RO Data + RW Data)      24468 (  23.89kB)

==============================================================================

